Archive member included to satisfy reference by file (symbol)

C:/Tools/arm-gnu-toolchain-15.2.rel1/bin/../lib/gcc/arm-none-eabi/15.2.1/../../../../arm-none-eabi/lib/thumb/v7e-m+fp/hard\libg_nano.a(libc_a-exit.o)
                              C:/Tools/arm-gnu-toolchain-15.2.rel1/bin/../lib/gcc/arm-none-eabi/15.2.1/../../../../arm-none-eabi/lib/thumb/v7e-m+fp/hard/crt0.o (exit)
C:/Tools/arm-gnu-toolchain-15.2.rel1/bin/../lib/gcc/arm-none-eabi/15.2.1/../../../../arm-none-eabi/lib/thumb/v7e-m+fp/hard\libg_nano.a(libc_a-findfp.o)
                              C:/Tools/arm-gnu-toolchain-15.2.rel1/bin/../lib/gcc/arm-none-eabi/15.2.1/../../../../arm-none-eabi/lib/thumb/v7e-m+fp/hard\libg_nano.a(libc_a-exit.o) (__stdio_exit_handler)
C:/Tools/arm-gnu-toolchain-15.2.rel1/bin/../lib/gcc/arm-none-eabi/15.2.1/../../../../arm-none-eabi/lib/thumb/v7e-m+fp/hard\libg_nano.a(libc_a-fwalk.o)
                              C:/Tools/arm-gnu-toolchain-15.2.rel1/bin/../lib/gcc/arm-none-eabi/15.2.1/../../../../arm-none-eabi/lib/thumb/v7e-m+fp/hard\libg_nano.a(libc_a-findfp.o) (_fwalk_sglue)
C:/Tools/arm-gnu-toolchain-15.2.rel1/bin/../lib/gcc/arm-none-eabi/15.2.1/../../../../arm-none-eabi/lib/thumb/v7e-m+fp/hard\libg_nano.a(libc_a-stdio.o)
                              C:/Tools/arm-gnu-toolchain-15.2.rel1/bin/../lib/gcc/arm-none-eabi/15.2.1/../../../../arm-none-eabi/lib/thumb/v7e-m+fp/hard\libg_nano.a(libc_a-findfp.o) (__sread)
C:/Tools/arm-gnu-toolchain-15.2.rel1/bin/../lib/gcc/arm-none-eabi/15.2.1/../../../../arm-none-eabi/lib/thumb/v7e-m+fp/hard\libg_nano.a(libc_a-memset.o)
                              C:/Tools/arm-gnu-toolchain-15.2.rel1/bin/../lib/gcc/arm-none-eabi/15.2.1/../../../../arm-none-eabi/lib/thumb/v7e-m+fp/hard/crt0.o (memset)
C:/Tools/arm-gnu-toolchain-15.2.rel1/bin/../lib/gcc/arm-none-eabi/15.2.1/../../../../arm-none-eabi/lib/thumb/v7e-m+fp/hard\libg_nano.a(libc_a-closer.o)
                              C:/Tools/arm-gnu-toolchain-15.2.rel1/bin/../lib/gcc/arm-none-eabi/15.2.1/../../../../arm-none-eabi/lib/thumb/v7e-m+fp/hard\libg_nano.a(libc_a-stdio.o) (_close_r)
C:/Tools/arm-gnu-toolchain-15.2.rel1/bin/../lib/gcc/arm-none-eabi/15.2.1/../../../../arm-none-eabi/lib/thumb/v7e-m+fp/hard\libg_nano.a(libc_a-reent.o)
                              C:/Tools/arm-gnu-toolchain-15.2.rel1/bin/../lib/gcc/arm-none-eabi/15.2.1/../../../../arm-none-eabi/lib/thumb/v7e-m+fp/hard\libg_nano.a(libc_a-closer.o) (errno)
C:/Tools/arm-gnu-toolchain-15.2.rel1/bin/../lib/gcc/arm-none-eabi/15.2.1/../../../../arm-none-eabi/lib/thumb/v7e-m+fp/hard\libg_nano.a(libc_a-impure.o)
                              C:/Tools/arm-gnu-toolchain-15.2.rel1/bin/../lib/gcc/arm-none-eabi/15.2.1/../../../../arm-none-eabi/lib/thumb/v7e-m+fp/hard\libg_nano.a(libc_a-reent.o) (_impure_ptr)
C:/Tools/arm-gnu-toolchain-15.2.rel1/bin/../lib/gcc/arm-none-eabi/15.2.1/../../../../arm-none-eabi/lib/thumb/v7e-m+fp/hard\libg_nano.a(libc_a-lseekr.o)
                              C:/Tools/arm-gnu-toolchain-15.2.rel1/bin/../lib/gcc/arm-none-eabi/15.2.1/../../../../arm-none-eabi/lib/thumb/v7e-m+fp/hard\libg_nano.a(libc_a-stdio.o) (_lseek_r)
C:/Tools/arm-gnu-toolchain-15.2.rel1/bin/../lib/gcc/arm-none-eabi/15.2.1/../../../../arm-none-eabi/lib/thumb/v7e-m+fp/hard\libg_nano.a(libc_a-readr.o)
                              C:/Tools/arm-gnu-toolchain-15.2.rel1/bin/../lib/gcc/arm-none-eabi/15.2.1/../../../../arm-none-eabi/lib/thumb/v7e-m+fp/hard\libg_nano.a(libc_a-stdio.o) (_read_r)
C:/Tools/arm-gnu-toolchain-15.2.rel1/bin/../lib/gcc/arm-none-eabi/15.2.1/../../../../arm-none-eabi/lib/thumb/v7e-m+fp/hard\libg_nano.a(libc_a-writer.o)
                              C:/Tools/arm-gnu-toolchain-15.2.rel1/bin/../lib/gcc/arm-none-eabi/15.2.1/../../../../arm-none-eabi/lib/thumb/v7e-m+fp/hard\libg_nano.a(libc_a-stdio.o) (_write_r)
C:/Tools/arm-gnu-toolchain-15.2.rel1/bin/../lib/gcc/arm-none-eabi/15.2.1/../../../../arm-none-eabi/lib/thumb/v7e-m+fp/hard\libg_nano.a(libc_a-errno.o)
                              CMakeFiles/LED_IT.dir/Core/Src/sysmem.c.obj (__errno)
C:/Tools/arm-gnu-toolchain-15.2.rel1/bin/../lib/gcc/arm-none-eabi/15.2.1/../../../../arm-none-eabi/lib/thumb/v7e-m+fp/hard\libg_nano.a(libc_a-init.o)
                              C:/Tools/arm-gnu-toolchain-15.2.rel1/bin/../lib/gcc/arm-none-eabi/15.2.1/../../../../arm-none-eabi/lib/thumb/v7e-m+fp/hard/crt0.o (__libc_init_array)
C:/Tools/arm-gnu-toolchain-15.2.rel1/bin/../lib/gcc/arm-none-eabi/15.2.1/../../../../arm-none-eabi/lib/thumb/v7e-m+fp/hard\libg_nano.a(libc_a-lock.o)
                              C:/Tools/arm-gnu-toolchain-15.2.rel1/bin/../lib/gcc/arm-none-eabi/15.2.1/../../../../arm-none-eabi/lib/thumb/v7e-m+fp/hard\libg_nano.a(libc_a-findfp.o) (__retarget_lock_init_recursive)
C:/Tools/arm-gnu-toolchain-15.2.rel1/bin/../lib/gcc/arm-none-eabi/15.2.1/../../../../arm-none-eabi/lib/thumb/v7e-m+fp/hard\libg_nano.a(libc_a-freer.o)
[...]
Memory Configuration

Name             Origin             Length             Attributes
RAM              0x20000000         0x00010000         xrw
FLASH            0x08000000         0x00040000         xr
*default*        0x00000000         0xffffffff

Linker script and memory map

LOAD C:/Tools/arm-gnu-toolchain-15.2.rel1/bin/../lib/gcc/arm-none-eabi/15.2.1/thumb/v7e-m+fp/hard/crti.o
LOAD C:/Tools/arm-gnu-toolchain-15.2.rel1/bin/../lib/gcc/arm-none-eabi/15.2.1/thumb/v7e-m+fp/hard/crtbegin.o
LOAD C:/Tools/arm-gnu-toolchain-15.2.rel1/bin/../lib/gcc/arm-none-eabi/15.2.1/../../../../arm-none-eabi/lib/thumb/v7e-m+fp/hard/crt0.o
LOAD cmake/stm32cubemx/CMakeFiles/STM32_Drivers.dir/__/__/Core/Src/system_stm32f4xx.c.obj
LOAD cmake/stm32cubemx/CMakeFiles/STM32_Drivers.dir/__/__/Drivers/STM32F4xx_HAL_Driver/Src/stm32f4xx_ll_gpio.c.obj
LOAD cmake/stm32cubemx/CMakeFiles/STM32_Drivers.dir/__/__/Drivers/STM32F4xx_HAL_Driver/Src/stm32f4xx_ll_rcc.c.obj
LOAD cmake/stm32cubemx/CMakeFiles/STM32_Drivers.dir/__/__/Drivers/STM32F4xx_HAL_Driver/Src/stm32f4xx_ll_utils.c.obj
LOAD cmake/stm32cubemx/CMakeFiles/STM32_Drivers.dir/__/__/Drivers/STM32F4xx_HAL_Driver/Src/stm32f4xx_ll_exti.c.obj
LOAD CMakeFiles/LED_IT.dir/Core/Src/main.c.obj
LOAD CMakeFiles/LED_IT.dir/Core/Src/stm32f4xx_it.c.obj
LOAD CMakeFiles/LED_IT.dir/Core/Src/sysmem.c.obj
LOAD CMakeFiles/LED_IT.dir/Core/Src/syscalls.c.obj
LOAD CMakeFiles/LED_IT.dir/startup_stm32f401xc.s.obj
LOAD CMakeFiles/LED_IT.dir/User/Src/but_state.c.obj
LOAD CMakeFiles/LED_IT.dir/User/Src/hw_init.c.obj
LOAD C:/Tools/arm-gnu-toolchain-15.2.rel1/bin/../lib/gcc/arm-none-eabi/15.2.1/../../../../arm-none-eabi/lib/thumb/v7e-m+fp/hard\libm.a
START GROUP
LOAD C:/Tools/arm-gnu-toolchain-15.2.rel1/bin/../lib/gcc/arm-none-eabi/15.2.1/thumb/v7e-m+fp/hard\libgcc.a
LOAD C:/Tools/arm-gnu-toolchain-15.2.rel1/bin/../lib/gcc/arm-none-eabi/15.2.1/../../../../arm-none-eabi/lib/thumb/v7e-m+fp/hard\libg_nano.a
LOAD C:/Tools/arm-gnu-toolchain-15.2.rel1/bin/../lib/gcc/arm-none-eabi/15.2.1/../../../../arm-none-eabi/lib/thumb/v7e-m+fp/hard\libc_nano.a
END GROUP
START GROUP
LOAD C:/Tools/arm-gnu-toolchain-15.2.rel1/bin/../lib/gcc/arm-none-eabi/15.2.1/thumb/v7e-m+fp/hard\libgcc.a
LOAD C:/Tools/arm-gnu-toolchain-15.2.rel1/bin/../lib/gcc/arm-none-eabi/15.2.1/../../../../arm-none-eabi/lib/thumb/v7e-m+fp/hard\libc_nano.a
END GROUP
LOAD C:/Tools/arm-gnu-toolchain-15.2.rel1/bin/../lib/gcc/arm-none-eabi/15.2.1/thumb/v7e-m+fp/hard/crtend.o
LOAD C:/Tools/arm-gnu-toolchain-15.2.rel1/bin/../lib/gcc/arm-none-eabi/15.2.1/thumb/v7e-m+fp/hard/crtn.o
                0x20010000                        _estack = (ORIGIN (RAM) + LENGTH (RAM))
                0x00000200                        _Min_Heap_Size = 0x200
                0x00000400                        _Min_Stack_Size = 0x400

.isr_vector     0x08000000      0x194
                0x08000000                        . = ALIGN (0x4)
 *(.isr_vector)
 .isr_vector    0x08000000      0x194 CMakeFiles/LED_IT.dir/startup_stm32f401xc.s.obj
                0x08000000                g_pfnVectors
                0x08000194                        . = ALIGN (0x4)

.text           0x08000194     0x10b0
                0x08000194                        . = ALIGN (0x4)
 *(.text)
 *(.text*)
 .text.deregister_tm_clones
                0x08000194       0x1c C:/Tools/arm-gnu-toolchain-15.2.rel1/bin/../lib/gcc/arm-none-eabi/15.2.1/thumb/v7e-m+fp/hard/crtbegin.o
 .text.register_tm_clones
                0x080001b0       0x24 C:/Tools/arm-gnu-toolchain-15.2.rel1/bin/../lib/gcc/arm-none-eabi/15.2.1/thumb/v7e-m+fp/hard/crtbegin.o
 .text.__do_global_dtors_aux
                0x080001d4       0x28 C:/Tools/arm-gnu-toolchain-15.2.rel1/bin/../lib/gcc/arm-none-eabi/15.2.1/thumb/v7e-m+fp/hard/crtbegin.o
 .text.frame_dummy
                0x080001fc       0x24 C:/Tools/arm-gnu-toolchain-15.2.rel1/bin/../lib/gcc/arm-none-eabi/15.2.1/thumb/v7e-m+fp/hard/crtbegin.o
 .text.SystemInit
                0x08000220       0x20 cmake/stm32cubemx/CMakeFiles/STM32_Drivers.dir/__/__/Core/Src/system_stm32f4xx.c.obj
                0x08000220                SystemInit
 .text.LL_GPIO_SetPinMode
                0x08000240       0x78 cmake/stm32cubemx/CMakeFiles/STM32_Drivers.dir/__/__/Drivers/STM32F4xx_HAL_Driver/Src/stm32f4xx_ll_gpio.c.obj
 .text.LL_GPIO_SetPinOutputType
                0x080002b8       0x2e cmake/stm32cubemx/CMakeFiles/STM32_Drivers.dir/__/__/Drivers/STM32F4xx_HAL_Driver/Src/stm32f4xx_ll_gpio.c.obj
 .text.LL_GPIO_SetPinSpeed
                0x080002e6       0x78 cmake/stm32cubemx/CMakeFiles/STM32_Drivers.dir/__/__/Drivers/STM32F4xx_HAL_Driver/Src/stm32f4xx_ll_gpio.c.obj
 .text.LL_GPIO_SetPinPull
                0x0800035e       0x78 cmake/stm32cubemx/CMakeFiles/STM32_Drivers.dir/__/__/Drivers/STM32F4xx_HAL_Driver/Src/stm32f4xx_ll_gpio.c.obj
 .text.LL_GPIO_SetAFPin_0_7
                0x080003d6       0x78 cmake/stm32cubemx/CMakeFiles/STM32_Drivers.dir/__/__/Drivers/STM32F4xx_HAL_Driver/Src/stm32f4xx_ll_gpio.c.obj
 .text.LL_GPIO_SetAFPin_8_15
                0x0800044e       0x7c cmake/stm32cubemx/CMakeFiles/STM32_Drivers.dir/__/__/Drivers/STM32F4xx_HAL_Driver/Src/stm32f4xx_ll_gpio.c.obj
 .text.LL_GPIO_Init
                0x080004ca      0x102 cmake/stm32cubemx/CMakeFiles/STM32_Drivers.dir/__/__/Drivers/STM32F4xx_HAL_Driver/Src/stm32f4xx_ll_gpio.c.obj
                0x080004ca                LL_GPIO_Init
 .text.LL_InitTick
                0x080005cc       0x34 cmake/stm32cubemx/CMakeFiles/STM32_Drivers.dir/__/__/Drivers/STM32F4xx_HAL_Driver/Src/stm32f4xx_ll_utils.c.obj
 .text.LL_Init1msTick
                0x08000600       0x1a cmake/stm32cubemx/CMakeFiles/STM32_Drivers.dir/__/__/Drivers/STM32F4xx_HAL_Driver/Src/stm32f4xx_ll_utils.c.obj
                0x08000600                LL_Init1msTick
 *fill*         0x0800061a        0x2 
 .text.LL_SetSystemCoreClock
                0x0800061c       0x1c cmake/stm32cubemx/CMakeFiles/STM32_Drivers.dir/__/__/Drivers/STM32F4xx_HAL_Driver/Src/stm32f4xx_ll_utils.c.obj
                0x0800061c                LL_SetSystemCoreClock
 .text.LL_EXTI_EnableIT_0_31
                0x08000638       0x24 cmake/stm32cubemx/CMakeFiles/STM32_Drivers.dir/__/__/Drivers/STM32F4xx_HAL_Driver/Src/stm32f4xx_ll_exti.c.obj
 .text.LL_EXTI_DisableIT_0_31
                0x0800065c       0x24 cmake/stm32cubemx/CMakeFiles/STM32_Drivers.dir/__/__/Drivers/STM32F4xx_HAL_Driver/Src/stm32f4xx_ll_exti.c.obj
 .text.LL_EXTI_EnableEvent_0_31
                0x08000680       0x24 cmake/stm32cubemx/CMakeFiles/STM32_Drivers.dir/__/__/Drivers/STM32F4xx_HAL_Driver/Src/stm32f4xx_ll_exti.c.obj
 .text.LL_EXTI_DisableEvent_0_31
                0x080006a4       0x24 cmake/stm32cubemx/CMakeFiles/STM32_Drivers.dir/__/__/Drivers/STM32F4xx_HAL_Driver/Src/stm32f4xx_ll_exti.c.obj
 .text.LL_EXTI_EnableRisingTrig_0_31
                0x080006c8       0x24 cmake/stm32cubemx/CMakeFiles/STM32_Drivers.dir/__/__/Drivers/STM32F4xx_HAL_Driver/Src/stm32f4xx_ll_exti.c.obj
 .text.LL_EXTI_DisableRisingTrig_0_31
                0x080006ec       0x24 cmake/stm32cubemx/CMakeFiles/STM32_Drivers.dir/__/__/Drivers/STM32F4xx_HAL_Driver/Src/stm32f4xx_ll_exti.c.obj
 .text.LL_EXTI_EnableFallingTrig_0_31
                0x08000710       0x24 cmake/stm32cubemx/CMakeFiles/STM32_Drivers.dir/__/__/Drivers/STM32F4xx_HAL_Driver/Src/stm32f4xx_ll_exti.c.obj
 .text.LL_EXTI_DisableFallingTrig_0_31
                0x08000734       0x24 cmake/stm32cubemx/CMakeFiles/STM32_Drivers.dir/__/__/Drivers/STM32F4xx_HAL_Driver/Src/stm32f4xx_ll_exti.c.obj
 .text.LL_EXTI_Init
                0x08000758       0xfe cmake/stm32cubemx/CMakeFiles/STM32_Drivers.dir/__/__/Drivers/STM32F4xx_HAL_Driver/Src/stm32f4xx_ll_exti.c.obj
                0x08000758                LL_EXTI_Init
 *fill*         0x08000856        0x2 
 .text.__NVIC_SetPriorityGrouping
                0x08000858       0x48 CMakeFiles/LED_IT.dir/Core/Src/main.c.obj
 .text.__NVIC_GetPriorityGrouping
                0x080008a0       0x1c CMakeFiles/LED_IT.dir/Core/Src/main.c.obj
 .text.__NVIC_SetPriority
                0x080008bc       0x54 CMakeFiles/LED_IT.dir/Core/Src/main.c.obj
 .text.NVIC_EncodePriority
                0x08000910       0x6e CMakeFiles/LED_IT.dir/Core/Src/main.c.obj
 *fill*         0x0800097e        0x2 
 .text.LL_RCC_HSI_Enable
                0x08000980       0x1c CMakeFiles/LED_IT.dir/Core/Src/main.c.obj
 .text.LL_RCC_HSI_IsReady
                0x0800099c       0x20 CMakeFiles/LED_IT.dir/Core/Src/main.c.obj
 .text.LL_RCC_HSI_SetCalibTrimming
                0x080009bc       0x28 CMakeFiles/LED_IT.dir/Core/Src/main.c.obj
 .text.LL_RCC_SetSysClkSource
                0x080009e4       0x28 CMakeFiles/LED_IT.dir/Core/Src/main.c.obj
 .text.LL_RCC_GetSysClkSource
                0x08000a0c       0x18 CMakeFiles/LED_IT.dir/Core/Src/main.c.obj
 .text.LL_RCC_SetAHBPrescaler
                0x08000a24       0x28 CMakeFiles/LED_IT.dir/Core/Src/main.c.obj
 .text.LL_RCC_SetAPB1Prescaler
                0x08000a4c       0x28 CMakeFiles/LED_IT.dir/Core/Src/main.c.obj
 .text.LL_RCC_SetAPB2Prescaler
                0x08000a74       0x28 CMakeFiles/LED_IT.dir/Core/Src/main.c.obj
 .text.LL_RCC_SetTIMPrescaler
                0x08000a9c       0x2c CMakeFiles/LED_IT.dir/Core/Src/main.c.obj
 .text.LL_RCC_PLL_Enable
                0x08000ac8       0x1c CMakeFiles/LED_IT.dir/Core/Src/main.c.obj
 .text.LL_RCC_PLL_IsReady
                0x08000ae4       0x20 CMakeFiles/LED_IT.dir/Core/Src/main.c.obj
 .text.LL_RCC_PLL_ConfigDomain_SYS
                0x08000b04       0x4c CMakeFiles/LED_IT.dir/Core/Src/main.c.obj
 .text.LL_APB1_GRP1_EnableClock
                0x08000b50       0x30 CMakeFiles/LED_IT.dir/Core/Src/main.c.obj
 .text.LL_APB2_GRP1_EnableClock
                0x08000b80       0x30 CMakeFiles/LED_IT.dir/Core/Src/main.c.obj
 .text.LL_FLASH_SetLatency
                0x08000bb0       0x28 CMakeFiles/LED_IT.dir/Core/Src/main.c.obj
 .text.LL_FLASH_GetLatency
                0x08000bd8       0x18 CMakeFiles/LED_IT.dir/Core/Src/main.c.obj
 .text.LL_PWR_SetRegulVoltageScaling
                0x08000bf0       0x28 CMakeFiles/LED_IT.dir/Core/Src/main.c.obj
 .text.LL_PWR_IsActiveFlag_VOS
                0x08000c18       0x20 CMakeFiles/LED_IT.dir/Core/Src/main.c.obj
 .text.main     0x08000c38       0x4e CMakeFiles/LED_IT.dir/Core/Src/main.c.obj
                0x08000c38                main
 *fill*         0x08000c86        0x2 
 .text.SystemClock_Config
                0x08000c88       0xa0 CMakeFiles/LED_IT.dir/Core/Src/main.c.obj
                0x08000c88                SystemClock_Config
 .text.NMI_Handler
                0x08000d28        0x8 CMakeFiles/LED_IT.dir/Core/Src/stm32f4xx_it.c.obj
                0x08000d28                NMI_Handler
 .text.HardFault_Handler
                0x08000d30        0x8 CMakeFiles/LED_IT.dir/Core/Src/stm32f4xx_it.c.obj
                0x08000d30                HardFault_Handler
 .text.MemManage_Handler
                0x08000d38        0x8 CMakeFiles/LED_IT.dir/Core/Src/stm32f4xx_it.c.obj
                0x08000d38                MemManage_Handler
 .text.BusFault_Handler
                0x08000d40        0x8 CMakeFiles/LED_IT.dir/Core/Src/stm32f4xx_it.c.obj
                0x08000d40                BusFault_Handler
 .text.UsageFault_Handler
                0x08000d48        0x8 CMakeFiles/LED_IT.dir/Core/Src/stm32f4xx_it.c.obj
                0x08000d48                UsageFault_Handler
 .text.SVC_Handler
                0x08000d50        0xc CMakeFiles/LED_IT.dir/Core/Src/stm32f4xx_it.c.obj
                0x08000d50                SVC_Handler
 .text.DebugMon_Handler
                0x08000d5c        0xc CMakeFiles/LED_IT.dir/Core/Src/stm32f4xx_it.c.obj
                0x08000d5c                DebugMon_Handler
 .text.PendSV_Handler
                0x08000d68        0xc CMakeFiles/LED_IT.dir/Core/Src/stm32f4xx_it.c.obj
                0x08000d68                PendSV_Handler
 .text.SysTick_Handler
                0x08000d74        0xc CMakeFiles/LED_IT.dir/Core/Src/stm32f4xx_it.c.obj
                0x08000d74                SysTick_Handler
 .text.Reset_Handler
                0x08000d80       0x50 CMakeFiles/LED_IT.dir/startup_stm32f401xc.s.obj
                0x08000d80                Reset_Handler
 .text.Default_Handler
                0x08000dd0        0x2 CMakeFiles/LED_IT.dir/startup_stm32f401xc.s.obj
                0x08000dd0                RTC_Alarm_IRQHandler
                0x08000dd0                EXTI2_IRQHandler
                0x08000dd0                SPI4_IRQHandler
                0x08000dd0                TIM1_CC_IRQHandler
                0x08000dd0                DMA2_Stream5_IRQHandler
                0x08000dd0                DMA1_Stream5_IRQHandler
                0x08000dd0                PVD_IRQHandler
                0x08000dd0                SDIO_IRQHandler
                0x08000dd0                TAMP_STAMP_IRQHandler
                0x08000dd0                EXTI3_IRQHandler
                0x08000dd0                TIM1_UP_TIM10_IRQHandler
                0x08000dd0                I2C3_ER_IRQHandler
                0x08000dd0                I2C2_EV_IRQHandler
                0x08000dd0                DMA1_Stream2_IRQHandler
                0x08000dd0                FPU_IRQHandler
                0x08000dd0                DMA2_Stream2_IRQHandler
                0x08000dd0                SPI1_IRQHandler
                0x08000dd0                TIM1_BRK_TIM9_IRQHandler
                0x08000dd0                DMA2_Stream3_IRQHandler
                0x08000dd0                USART6_IRQHandler
                0x08000dd0                DMA2_Stream0_IRQHandler
                0x08000dd0                TIM4_IRQHandler
                0x08000dd0                I2C1_EV_IRQHandler
                0x08000dd0                DMA1_Stream6_IRQHandler
                0x08000dd0                DMA1_Stream1_IRQHandler
                0x08000dd0                TIM3_IRQHandler
                0x08000dd0                RCC_IRQHandler
                0x08000dd0                Default_Handler
                0x08000dd0                EXTI15_10_IRQHandler
                0x08000dd0                ADC_IRQHandler
                0x08000dd0                DMA1_Stream7_IRQHandler
                0x08000dd0                TIM5_IRQHandler
                0x08000dd0                DMA2_Stream7_IRQHandler
                0x08000dd0                I2C3_EV_IRQHandler
                0x08000dd0                EXTI9_5_IRQHandler
                0x08000dd0                RTC_WKUP_IRQHandler
                0x08000dd0                SPI2_IRQHandler
                0x08000dd0                DMA1_Stream0_IRQHandler
                0x08000dd0                EXTI4_IRQHandler
                0x08000dd0                WWDG_IRQHandler
                0x08000dd0                TIM2_IRQHandler
                0x08000dd0                OTG_FS_WKUP_IRQHandler
                0x08000dd0                TIM1_TRG_COM_TIM11_IRQHandler
                0x08000dd0                EXTI1_IRQHandler
                0x08000dd0                USART2_IRQHandler
                0x08000dd0                I2C2_ER_IRQHandler
                0x08000dd0                DMA2_Stream1_IRQHandler
                0x08000dd0                FLASH_IRQHandler
                0x08000dd0                DMA2_Stream4_IRQHandler
                0x08000dd0                USART1_IRQHandler
                0x08000dd0                OTG_FS_IRQHandler
                0x08000dd0                SPI3_IRQHandler
                0x08000dd0                DMA1_Stream4_IRQHandler
                0x08000dd0                I2C1_ER_IRQHandler
                0x08000dd0                DMA2_Stream6_IRQHandler
                0x08000dd0                DMA1_Stream3_IRQHandler
 *fill*         0x08000dd2        0x2 
 .text.LL_EXTI_ClearFlag_0_31
                0x08000dd4       0x1c CMakeFiles/LED_IT.dir/User/Src/but_state.c.obj
 .text.LL_GPIO_IsInputPinSet
                0x08000df0       0x28 CMakeFiles/LED_IT.dir/User/Src/but_state.c.obj
 .text.LL_GPIO_TogglePin
                0x08000e18       0x30 CMakeFiles/LED_IT.dir/User/Src/but_state.c.obj
 .text.EXTI0_IRQHandler
                0x08000e48       0x18 CMakeFiles/LED_IT.dir/User/Src/but_state.c.obj
                0x08000e48                EXTI0_IRQHandler
 .text.debouncing
                0x08000e60       0xcc CMakeFiles/LED_IT.dir/User/Src/but_state.c.obj
                0x08000e60                debouncing
 .text.__NVIC_EnableIRQ
                0x08000f2c       0x38 CMakeFiles/LED_IT.dir/User/Src/hw_init.c.obj
 .text.__NVIC_SetPriority
                0x08000f64       0x54 CMakeFiles/LED_IT.dir/User/Src/hw_init.c.obj
 .text.LL_AHB1_GRP1_EnableClock
                0x08000fb8       0x30 CMakeFiles/LED_IT.dir/User/Src/hw_init.c.obj
 .text.LL_APB2_GRP1_EnableClock
                0x08000fe8       0x30 CMakeFiles/LED_IT.dir/User/Src/hw_init.c.obj
 .text.LL_SYSCFG_SetEXTISource
                0x08001018       0x68 CMakeFiles/LED_IT.dir/User/Src/hw_init.c.obj
 .text.LL_EXTI_EnableIT_0_31
                0x08001080       0x24 CMakeFiles/LED_IT.dir/User/Src/hw_init.c.obj
 .text.LL_GPIO_SetOutputPin
                0x080010a4       0x1a CMakeFiles/LED_IT.dir/User/Src/hw_init.c.obj
 *fill*         0x080010be        0x2 
 .text.GPIO_LED_UsrInit
                0x080010c0       0x54 CMakeFiles/LED_IT.dir/User/Src/hw_init.c.obj
                0x080010c0                GPIO_LED_UsrInit
 .text.GPIO_But_UsrInit
                0x08001114       0x44 CMakeFiles/LED_IT.dir/User/Src/hw_init.c.obj
                0x08001114                GPIO_But_UsrInit
 .text.IT_But_init
                0x08001158       0x54 CMakeFiles/LED_IT.dir/User/Src/hw_init.c.obj
                0x08001158                IT_But_init
 .text.SysTick_Init
                0x080011ac       0x38 CMakeFiles/LED_IT.dir/User/Src/hw_init.c.obj
                0x080011ac                SysTick_Init
 .text.__libc_init_array
                0x080011e4       0x48 C:/Tools/arm-gnu-toolchain-15.2.rel1/bin/../lib/gcc/arm-none-eabi/15.2.1/../../../../arm-none-eabi/lib/thumb/v7e-m+fp/hard\libg_nano.a(libc_a-init.o)
                0x080011e4                __libc_init_array
 *(.glue_7)
 .glue_7        0x0800122c        0x0 linker stubs
 *(.glue_7t)
 .glue_7t       0x0800122c        0x0 linker stubs
 *(.eh_frame)
 .eh_frame      0x0800122c        0x0 C:/Tools/arm-gnu-toolchain-15.2.rel1/bin/../lib/gcc/arm-none-eabi/15.2.1/thumb/v7e-m+fp/hard/crtbegin.o
 *(.init)
 .init          0x0800122c        0x4 C:/Tools/arm-gnu-toolchain-15.2.rel1/bin/../lib/gcc/arm-none-eabi/15.2.1/thumb/v7e-m+fp/hard/crti.o
                0x0800122c                _init
 .init          0x08001230        0x8 C:/Tools/arm-gnu-toolchain-15.2.rel1/bin/../lib/gcc/arm-none-eabi/15.2.1/thumb/v7e-m+fp/hard/crtn.o
 *(.fini)
 .fini          0x08001238        0x4 C:/Tools/arm-gnu-toolchain-15.2.rel1/bin/../lib/gcc/arm-none-eabi/15.2.1/thumb/v7e-m+fp/hard/crti.o
                0x08001238                _fini
 .fini          0x0800123c        0x8 C:/Tools/arm-gnu-toolchain-15.2.rel1/bin/../lib/gcc/arm-none-eabi/15.2.1/thumb/v7e-m+fp/hard/crtn.o
                0x08001244                        . = ALIGN (0x4)
                0x08001244                        _etext = .

.vfp11_veneer   0x08001244        0x0
 .vfp11_veneer  0x08001244        0x0 linker stubs

.v4_bx          0x08001244        0x0
 .v4_bx         0x08001244        0x0 linker stubs

.iplt           0x08001244        0x0
 .iplt          0x08001244        0x0 C:/Tools/arm-gnu-toolchain-15.2.rel1/bin/../lib/gcc/arm-none-eabi/15.2.1/thumb/v7e-m+fp/hard/crtbegin.o

.rodata         0x08001244        0x0
                0x08001244                        . = ALIGN (0x4)
 *(.rodata)
 *(.rodata*)
                0x08001244                        . = ALIGN (0x4)

.ARM.extab      0x08001244        0x0
                0x08001244                        . = ALIGN (0x4)
 *(.ARM.extab* .gnu.linkonce.armextab.*)
                0x08001244                        . = ALIGN (0x4)

.ARM            0x08001244        0x0
                0x08001244                        . = ALIGN (0x4)
                0x08001244                        __exidx_start = .
 *(.ARM.exidx*)
                0x08001244                        __exidx_end = .
                0x08001244                        . = ALIGN (0x4)

.preinit_array  0x08001244        0x0
                0x08001244                        . = ALIGN (0x4)
                0x08001244                        PROVIDE (__preinit_array_start = .)
 *(.preinit_array*)
                0x08001244                        PROVIDE (__preinit_array_end = .)
                0x08001244                        . = ALIGN (0x4)

.init_array     0x08001244        0x4
                0x08001244                        . = ALIGN (0x4)
                0x08001244                        PROVIDE (__init_array_start = .)
 *(SORT_BY_NAME(.init_array.*))
 *(.init_array*)
 .init_array    0x08001244        0x4 C:/Tools/arm-gnu-toolchain-15.2.rel1/bin/../lib/gcc/arm-none-eabi/15.2.1/thumb/v7e-m+fp/hard/crtbegin.o
                0x08001248                        PROVIDE (__init_array_end = .)
                0x08001248                        . = ALIGN (0x4)

.fini_array     0x08001248        0x4
                0x08001248                        . = ALIGN (0x4)
                [!provide]                        PROVIDE (__fini_array_start = .)
 *(SORT_BY_NAME(.fini_array.*))
 *(.fini_array*)
 .fini_array    0x08001248        0x4 C:/Tools/arm-gnu-toolchain-15.2.rel1/bin/../lib/gcc/arm-none-eabi/15.2.1/thumb/v7e-m+fp/hard/crtbegin.o
                [!provide]                        PROVIDE (__fini_array_end = .)
                0x0800124c                        . = ALIGN (0x4)
                0x0800124c                        _sidata = LOADADDR (.data)

.rel.dyn        0x0800124c        0x0
 .rel.iplt      0x0800124c        0x0 C:/Tools/arm-gnu-toolchain-15.2.rel1/bin/../lib/gcc/arm-none-eabi/15.2.1/thumb/v7e-m+fp/hard/crtbegin.o

.data           0x20000000        0x8 load address 0x0800124c
                0x20000000                        . = ALIGN (0x4)
                0x20000000                        _sdata = .
 *(.data)
 *(.data*)
 .data.SystemCoreClock
                0x20000000        0x4 cmake/stm32cubemx/CMakeFiles/STM32_Drivers.dir/__/__/Core/Src/system_stm32f4xx.c.obj
                0x20000000                SystemCoreClock
 .data.deb      0x20000004        0x1 CMakeFiles/LED_IT.dir/User/Src/but_state.c.obj
                0x20000004                deb
 *(.RamFunc)
 *(.RamFunc*)
                0x20000008                        . = ALIGN (0x4)
 *fill*         0x20000005        0x3 

.tm_clone_table
                0x20000008        0x0 load address 0x08001254
 .tm_clone_table
                0x20000008        0x0 C:/Tools/arm-gnu-toolchain-15.2.rel1/bin/../lib/gcc/arm-none-eabi/15.2.1/thumb/v7e-m+fp/hard/crtbegin.o
 .tm_clone_table
                0x20000008        0x0 C:/Tools/arm-gnu-toolchain-15.2.rel1/bin/../lib/gcc/arm-none-eabi/15.2.1/thumb/v7e-m+fp/hard/crtend.o

.igot.plt       0x20000008        0x0 load address 0x08001254
 .igot.plt      0x20000008        0x0 C:/Tools/arm-gnu-toolchain-15.2.rel1/bin/../lib/gcc/arm-none-eabi/15.2.1/thumb/v7e-m+fp/hard/crtbegin.o

.tdata          0x20000008        0x0 load address 0x08001254
 *(.tdata .tdata.* .gnu.linkonce.td.*)
                0x20000008                        . = ALIGN (0x4)
                0x20000008                        _edata = .
                [!provide]                        PROVIDE (__data_end = .)
                [!provide]                        PROVIDE (__tdata_end = .)
                [!provide]                        PROVIDE (__tdata_start = ADDR (.tdata))
                [!provide]                        PROVIDE (__tdata_size = (__tdata_end - __tdata_start))
                [!provide]                        PROVIDE (__data_start = ADDR (.data))
                [!provide]                        PROVIDE (__data_size = (__data_end - __data_start))
                [!provide]                        PROVIDE (__tdata_source = LOADADDR (.tdata))
                [!provide]                        PROVIDE (__tdata_source_end = (LOADADDR (.tdata) + SIZEOF (.tdata)))
                [!provide]                        PROVIDE (__tdata_source_size = (__tdata_source_end - __tdata_source))
                [!provide]                        PROVIDE (__data_source = LOADADDR (.data))
                [!provide]                        PROVIDE (__data_source_end = __tdata_source_end)
                [!provide]                        PROVIDE (__data_source_size = (__data_source_end - __data_source))

.tbss           0x20000008        0x0 load address 0x08001254
                0x20000008                        _sbss = .
                0x20000008                        __bss_start__ = _sbss
 *(.tbss .tbss.*)
                0x20000008                        . = ALIGN (0x4)
                [!provide]                        PROVIDE (__tbss_end = .)
                [!provide]                        PROVIDE (__tbss_start = ADDR (.tbss))
                [!provide]                        PROVIDE (__tbss_size = (__tbss_end - __tbss_start))
                [!provide]                        PROVIDE (__tbss_offset = (ADDR (.tbss) - ADDR (.tdata)))
                [!provide]                        PROVIDE (__tls_base = __tdata_start)
                [!provide]                        PROVIDE (__tls_end = __tbss_end)
                [!provide]                        PROVIDE (__tls_size = (__tls_end - __tls_base))
                [!provide]                        PROVIDE (__tls_align = MAX (ALIGNOF (.tdata), ALIGNOF (.tbss)))
                [!provide]                        PROVIDE (__tls_size_align = (((__tls_size + __tls_align) - 0x1) & ~ ((__tls_align - 0x1))))
                [!provide]                        PROVIDE (__arm32_tls_tcb_offset = MAX (0x8, __tls_align))
                [!provide]                        PROVIDE (__arm64_tls_tcb_offset = MAX (0x10, __tls_align))

.bss            0x20000008       0x20 load address 0x08001254
 *(.bss)
 *(.bss*)
 .bss.completed.1
                0x20000008        0x1 C:/Tools/arm-gnu-toolchain-15.2.rel1/bin/../lib/gcc/arm-none-eabi/15.2.1/thumb/v7e-m+fp/hard/crtbegin.o
 *fill*         0x20000009        0x3 
 .bss.object.0  0x2000000c       0x18 C:/Tools/arm-gnu-toolchain-15.2.rel1/bin/../lib/gcc/arm-none-eabi/15.2.1/thumb/v7e-m+fp/hard/crtbegin.o
 .bss.but       0x20000024        0x1 CMakeFiles/LED_IT.dir/User/Src/but_state.c.obj
                0x20000024                but
 .bss.but_press
                0x20000025        0x1 CMakeFiles/LED_IT.dir/User/Src/but_state.c.obj
                0x20000025                but_press
 *(COMMON)
                0x20000028                        . = ALIGN (0x4)
 *fill*         0x20000026        0x2 
                0x20000028                        _ebss = .
                0x20000028                        __bss_end__ = _ebss
                [!provide]                        PROVIDE (__bss_end = .)
                [!provide]                        PROVIDE (__non_tls_bss_start = ADDR (.bss))
                [!provide]                        PROVIDE (__bss_start = __tbss_start)
                [!provide]                        PROVIDE (__bss_size = (__bss_end - __bss_start))

._user_heap_stack
                0x20000028      0x600 load address 0x08001254
                0x20000028                        . = ALIGN (0x8)
                [!provide]                        PROVIDE (end = .)
                0x20000028                        PROVIDE (_end = .)
                0x20000228                        . = (. + _Min_Heap_Size)
 *fill*         0x20000028      0x200 
                0x20000628                        . = (. + _Min_Stack_Size)
 *fill*         0x20000228      0x400 
                0x20000628                        . = ALIGN (0x8)

/DISCARD/
 libc.a:*(*)
 libm.a:*(*)
 libgcc.a:*(*)
OUTPUT(LED_IT.elf elf32-littlearm)
LOAD linker stubs

.ARM.attributes
                0x00000000       0x30
 .ARM.attributes
                0x00000000       0x22 C:/Tools/arm-gnu-toolchain-15.2.rel1/bin/../lib/gcc/arm-none-eabi/15.2.1/thumb/v7e-m+fp/hard/crti.o
 .ARM.attributes
                0x00000022       0x34 C:/Tools/arm-gnu-toolchain-15.2.rel1/bin/../lib/gcc/arm-none-eabi/15.2.1/thumb/v7e-m+fp/hard/crtbegin.o
 .ARM.attributes
                0x00000056       0x34 cmake/stm32cubemx/CMakeFiles/STM32_Drivers.dir/__/__/Core/Src/system_stm32f4xx.c.obj
 .ARM.attributes
                0x0000008a       0x34 cmake/stm32cubemx/CMakeFiles/STM32_Drivers.dir/__/__/Drivers/STM32F4xx_HAL_Driver/Src/stm32f4xx_ll_gpio.c.obj
 .ARM.attributes
                0x000000be       0x34 cmake/stm32cubemx/CMakeFiles/STM32_Drivers.dir/__/__/Drivers/STM32F4xx_HAL_Driver/Src/stm32f4xx_ll_utils.c.obj
 .ARM.attributes
                0x000000f2       0x34 cmake/stm32cubemx/CMakeFiles/STM32_Drivers.dir/__/__/Drivers/STM32F4xx_HAL_Driver/Src/stm32f4xx_ll_exti.c.obj
 .ARM.attributes
                0x00000126       0x34 CMakeFiles/LED_IT.dir/Core/Src/main.c.obj
 .ARM.attributes
                0x0000015a       0x34 CMakeFiles/LED_IT.dir/Core/Src/stm32f4xx_it.c.obj
 .ARM.attributes
                0x0000018e       0x21 CMakeFiles/LED_IT.dir/startup_stm32f401xc.s.obj
 .ARM.attributes
                0x000001af       0x34 CMakeFiles/LED_IT.dir/User/Src/but_state.c.obj
 .ARM.attributes
                0x000001e3       0x34 CMakeFiles/LED_IT.dir/User/Src/hw_init.c.obj
 .ARM.attributes
                0x00000217       0x34 C:/Tools/arm-gnu-toolchain-15.2.rel1/bin/../lib/gcc/arm-none-eabi/15.2.1/../../../../arm-none-eabi/lib/thumb/v7e-m+fp/hard\libg_nano.a(libc_a-init.o)
 .ARM.attributes
                0x0000024b       0x34 C:/Tools/arm-gnu-toolchain-15.2.rel1/bin/../lib/gcc/arm-none-eabi/15.2.1/thumb/v7e-m+fp/hard/crtend.o
 .ARM.attributes
                0x0000027f       0x22 C:/Tools/arm-gnu-toolchain-15.2.rel1/bin/../lib/gcc/arm-none-eabi/15.2.1/thumb/v7e-m+fp/hard/crtn.o

.comment        0x00000000       0x45
 .comment       0x00000000       0x45 cmake/stm32cubemx/CMakeFiles/STM32_Drivers.dir/__/__/Core/Src/system_stm32f4xx.c.obj
                                 0x46 (size before relaxing)
 .comment       0x00000045        0x0 cmake/stm32cubemx/CMakeFiles/STM32_Drivers.dir/__/__/Drivers/STM32F4xx_HAL_Driver/Src/stm32f4xx_ll_gpio.c.obj
                                 0x46 (size before relaxing)
 .comment       0x00000045        0x0 cmake/stm32cubemx/CMakeFiles/STM32_Drivers.dir/__/__/Drivers/STM32F4xx_HAL_Driver/Src/stm32f4xx_ll_utils.c.obj
                                 0x46 (size before relaxing)
 .comment       0x00000045        0x0 cmake/stm32cubemx/CMakeFiles/STM32_Drivers.dir/__/__/Drivers/STM32F4xx_HAL_Driver/Src/stm32f4xx_ll_exti.c.obj
                                 0x46 (size before relaxing)
 .comment       0x00000045        0x0 CMakeFiles/LED_IT.dir/Core/Src/main.c.obj
                                 0x46 (size before relaxing)
 .comment       0x00000045        0x0 CMakeFiles/LED_IT.dir/Core/Src/stm32f4xx_it.c.obj
                                 0x46 (size before relaxing)
 .comment       0x00000045        0x0 CMakeFiles/LED_IT.dir/User/Src/but_state.c.obj
                                 0x46 (size before relaxing)
 .comment       0x00000045        0x0 CMakeFiles/LED_IT.dir/User/Src/hw_init.c.obj
                                 0x46 (size before relaxing)

.debug_info     0x00000000     0x3836
 .debug_info    0x00000000      0x537 cmake/stm32cubemx/CMakeFiles/STM32_Drivers.dir/__/__/Core/Src/system_stm32f4xx.c.obj
 .debug_info    0x00000537      0x94a cmake/stm32cubemx/CMakeFiles/STM32_Drivers.dir/__/__/Drivers/STM32F4xx_HAL_Driver/Src/stm32f4xx_ll_gpio.c.obj
 .debug_info    0x00000e81      0x925 cmake/stm32cubemx/CMakeFiles/STM32_Drivers.dir/__/__/Drivers/STM32F4xx_HAL_Driver/Src/stm32f4xx_ll_utils.c.obj
 .debug_info    0x000017a6      0x330 cmake/stm32cubemx/CMakeFiles/STM32_Drivers.dir/__/__/Drivers/STM32F4xx_HAL_Driver/Src/stm32f4xx_ll_exti.c.obj
 .debug_info    0x00001ad6      0xc21 CMakeFiles/LED_IT.dir/Core/Src/main.c.obj
 .debug_info    0x000026f7      0x14f CMakeFiles/LED_IT.dir/Core/Src/stm32f4xx_it.c.obj
 .debug_info    0x00002846       0x30 CMakeFiles/LED_IT.dir/startup_stm32f401xc.s.obj
 .debug_info    0x00002876      0x2f8 CMakeFiles/LED_IT.dir/User/Src/but_state.c.obj
 .debug_info    0x00002b6e      0xcc8 CMakeFiles/LED_IT.dir/User/Src/hw_init.c.obj

.debug_abbrev   0x00000000      0xe43
 .debug_abbrev  0x00000000      0x11a cmake/stm32cubemx/CMakeFiles/STM32_Drivers.dir/__/__/Core/Src/system_stm32f4xx.c.obj
 .debug_abbrev  0x0000011a      0x236 cmake/stm32cubemx/CMakeFiles/STM32_Drivers.dir/__/__/Drivers/STM32F4xx_HAL_Driver/Src/stm32f4xx_ll_gpio.c.obj
 .debug_abbrev  0x00000350      0x232 cmake/stm32cubemx/CMakeFiles/STM32_Drivers.dir/__/__/Drivers/STM32F4xx_HAL_Driver/Src/stm32f4xx_ll_utils.c.obj
 .debug_abbrev  0x00000582      0x159 cmake/stm32cubemx/CMakeFiles/STM32_Drivers.dir/__/__/Drivers/STM32F4xx_HAL_Driver/Src/stm32f4xx_ll_exti.c.obj
 .debug_abbrev  0x000006db      0x271 CMakeFiles/LED_IT.dir/Core/Src/main.c.obj
 .debug_abbrev  0x0000094c       0xac CMakeFiles/LED_IT.dir/Core/Src/stm32f4xx_it.c.obj
 .debug_abbrev  0x000009f8       0x24 CMakeFiles/LED_IT.dir/startup_stm32f401xc.s.obj
 .debug_abbrev  0x00000a1c      0x1b9 CMakeFiles/LED_IT.dir/User/Src/but_state.c.obj
 .debug_abbrev  0x00000bd5      0x26e CMakeFiles/LED_IT.dir/User/Src/hw_init.c.obj

.debug_aranges  0x00000000      0x418
 .debug_aranges
                0x00000000       0x28 cmake/stm32cubemx/CMakeFiles/STM32_Drivers.dir/__/__/Core/Src/system_stm32f4xx.c.obj
 .debug_aranges
                0x00000028       0x70 cmake/stm32cubemx/CMakeFiles/STM32_Drivers.dir/__/__/Drivers/STM32F4xx_HAL_Driver/Src/stm32f4xx_ll_gpio.c.obj
 .debug_aranges
                0x00000098       0xf8 cmake/stm32cubemx/CMakeFiles/STM32_Drivers.dir/__/__/Drivers/STM32F4xx_HAL_Driver/Src/stm32f4xx_ll_utils.c.obj
 .debug_aranges
                0x00000190       0x70 cmake/stm32cubemx/CMakeFiles/STM32_Drivers.dir/__/__/Drivers/STM32F4xx_HAL_Driver/Src/stm32f4xx_ll_exti.c.obj
 .debug_aranges
                0x00000200       0xe0 CMakeFiles/LED_IT.dir/Core/Src/main.c.obj
 .debug_aranges
                0x000002e0       0x60 CMakeFiles/LED_IT.dir/Core/Src/stm32f4xx_it.c.obj
 .debug_aranges
                0x00000340       0x28 CMakeFiles/LED_IT.dir/startup_stm32f401xc.s.obj
 .debug_aranges
                0x00000368       0x40 CMakeFiles/LED_IT.dir/User/Src/but_state.c.obj
 .debug_aranges
                0x000003a8       0x70 CMakeFiles/LED_IT.dir/User/Src/hw_init.c.obj

.debug_rnglists
                0x00000000      0x2ee
 .debug_rnglists
                0x00000000       0x1a cmake/stm32cubemx/CMakeFiles/STM32_Drivers.dir/__/__/Core/Src/system_stm32f4xx.c.obj
 .debug_rnglists
                0x0000001a       0x51 cmake/stm32cubemx/CMakeFiles/STM32_Drivers.dir/__/__/Drivers/STM32F4xx_HAL_Driver/Src/stm32f4xx_ll_gpio.c.obj
 .debug_rnglists
                0x0000006b       0xb8 cmake/stm32cubemx/CMakeFiles/STM32_Drivers.dir/__/__/Drivers/STM32F4xx_HAL_Driver/Src/stm32f4xx_ll_utils.c.obj
 .debug_rnglists
                0x00000123       0x50 cmake/stm32cubemx/CMakeFiles/STM32_Drivers.dir/__/__/Drivers/STM32F4xx_HAL_Driver/Src/stm32f4xx_ll_exti.c.obj
 .debug_rnglists
                0x00000173       0xa4 CMakeFiles/LED_IT.dir/Core/Src/main.c.obj
 .debug_rnglists
                0x00000217       0x43 CMakeFiles/LED_IT.dir/Core/Src/stm32f4xx_it.c.obj
 .debug_rnglists
                0x0000025a       0x19 CMakeFiles/LED_IT.dir/startup_stm32f401xc.s.obj
 .debug_rnglists
                0x00000273       0x2c CMakeFiles/LED_IT.dir/User/Src/but_state.c.obj
 .debug_rnglists
                0x0000029f       0x4f CMakeFiles/LED_IT.dir/User/Src/hw_init.c.obj

.debug_macro    0x00000000     0xf8f0
 .debug_macro   0x00000000       0xce cmake/stm32cubemx/CMakeFiles/STM32_Drivers.dir/__/__/Core/Src/system_stm32f4xx.c.obj
 .debug_macro   0x000000ce      0xb2c cmake/stm32cubemx/CMakeFiles/STM32_Drivers.dir/__/__/Core/Src/system_stm32f4xx.c.obj
 .debug_macro   0x00000bfa       0x2e cmake/stm32cubemx/CMakeFiles/STM32_Drivers.dir/__/__/Core/Src/system_stm32f4xx.c.obj
 .debug_macro   0x00000c28       0x28 cmake/stm32cubemx/CMakeFiles/STM32_Drivers.dir/__/__/Core/Src/system_stm32f4xx.c.obj
 .debug_macro   0x00000c50       0x22 cmake/stm32cubemx/CMakeFiles/STM32_Drivers.dir/__/__/Core/Src/system_stm32f4xx.c.obj
 .debug_macro   0x00000c72       0x8e cmake/stm32cubemx/CMakeFiles/STM32_Drivers.dir/__/__/Core/Src/system_stm32f4xx.c.obj
 .debug_macro   0x00000d00       0x51 cmake/stm32cubemx/CMakeFiles/STM32_Drivers.dir/__/__/Core/Src/system_stm32f4xx.c.obj
 .debug_macro   0x00000d51      0x103 cmake/stm32cubemx/CMakeFiles/STM32_Drivers.dir/__/__/Core/Src/system_stm32f4xx.c.obj
 .debug_macro   0x00000e54       0x6a cmake/stm32cubemx/CMakeFiles/STM32_Drivers.dir/__/__/Core/Src/system_stm32f4xx.c.obj
 .debug_macro   0x00000ebe      0x1df cmake/stm32cubemx/CMakeFiles/STM32_Drivers.dir/__/__/Core/Src/system_stm32f4xx.c.obj
 .debug_macro   0x0000109d       0x1c cmake/stm32cubemx/CMakeFiles/STM32_Drivers.dir/__/__/Core/Src/system_stm32f4xx.c.obj
 .debug_macro   0x000010b9       0x22 cmake/stm32cubemx/CMakeFiles/STM32_Drivers.dir/__/__/Core/Src/system_stm32f4xx.c.obj
 .debug_macro   0x000010db       0xfb cmake/stm32cubemx/CMakeFiles/STM32_Drivers.dir/__/__/Core/Src/system_stm32f4xx.c.obj
 .debug_macro   0x000011d6     0x1011 cmake/stm32cubemx/CMakeFiles/STM32_Drivers.dir/__/__/Core/Src/system_stm32f4xx.c.obj
 .debug_macro   0x000021e7      0x11f cmake/stm32cubemx/CMakeFiles/STM32_Drivers.dir/__/__/Core/Src/system_stm32f4xx.c.obj
 .debug_macro   0x00002306     0xb881 cmake/stm32cubemx/CMakeFiles/STM32_Drivers.dir/__/__/Core/Src/system_stm32f4xx.c.obj
 .debug_macro   0x0000db87       0x6d cmake/stm32cubemx/CMakeFiles/STM32_Drivers.dir/__/__/Core/Src/system_stm32f4xx.c.obj
 .debug_macro   0x0000dbf4      0x110 cmake/stm32cubemx/CMakeFiles/STM32_Drivers.dir/__/__/Drivers/STM32F4xx_HAL_Driver/Src/stm32f4xx_ll_gpio.c.obj
 .debug_macro   0x0000dd04      0x143 cmake/stm32cubemx/CMakeFiles/STM32_Drivers.dir/__/__/Drivers/STM32F4xx_HAL_Driver/Src/stm32f4xx_ll_gpio.c.obj
 .debug_macro   0x0000de47      0x116 cmake/stm32cubemx/CMakeFiles/STM32_Drivers.dir/__/__/Drivers/STM32F4xx_HAL_Driver/Src/stm32f4xx_ll_gpio.c.obj
 .debug_macro   0x0000df5d      0x190 cmake/stm32cubemx/CMakeFiles/STM32_Drivers.dir/__/__/Drivers/STM32F4xx_HAL_Driver/Src/stm32f4xx_ll_utils.c.obj
 .debug_macro   0x0000e0ed       0x5b cmake/stm32cubemx/CMakeFiles/STM32_Drivers.dir/__/__/Drivers/STM32F4xx_HAL_Driver/Src/stm32f4xx_ll_utils.c.obj
 .debug_macro   0x0000e148      0x788 cmake/stm32cubemx/CMakeFiles/STM32_Drivers.dir/__/__/Drivers/STM32F4xx_HAL_Driver/Src/stm32f4xx_ll_utils.c.obj
 .debug_macro   0x0000e8d0      0x1ab cmake/stm32cubemx/CMakeFiles/STM32_Drivers.dir/__/__/Drivers/STM32F4xx_HAL_Driver/Src/stm32f4xx_ll_utils.c.obj
 .debug_macro   0x0000ea7b       0xbc cmake/stm32cubemx/CMakeFiles/STM32_Drivers.dir/__/__/Drivers/STM32F4xx_HAL_Driver/Src/stm32f4xx_ll_utils.c.obj
 .debug_macro   0x0000eb37       0xf5 cmake/stm32cubemx/CMakeFiles/STM32_Drivers.dir/__/__/Drivers/STM32F4xx_HAL_Driver/Src/stm32f4xx_ll_exti.c.obj
 .debug_macro   0x0000ec2c       0xe2 cmake/stm32cubemx/CMakeFiles/STM32_Drivers.dir/__/__/Drivers/STM32F4xx_HAL_Driver/Src/stm32f4xx_ll_exti.c.obj
 .debug_macro   0x0000ed0e      0x154 CMakeFiles/LED_IT.dir/Core/Src/main.c.obj
 .debug_macro   0x0000ee62       0xe8 CMakeFiles/LED_IT.dir/Core/Src/main.c.obj
 .debug_macro   0x0000ef4a      0x1a6 CMakeFiles/LED_IT.dir/Core/Src/main.c.obj
 .debug_macro   0x0000f0f0       0x61 CMakeFiles/LED_IT.dir/Core/Src/main.c.obj
 .debug_macro   0x0000f151      0x1e6 CMakeFiles/LED_IT.dir/Core/Src/main.c.obj
 .debug_macro   0x0000f337      0x149 CMakeFiles/LED_IT.dir/Core/Src/main.c.obj
 .debug_macro   0x0000f480       0x22 CMakeFiles/LED_IT.dir/Core/Src/main.c.obj
 .debug_macro   0x0000f4a2       0x10 CMakeFiles/LED_IT.dir/Core/Src/main.c.obj
 .debug_macro   0x0000f4b2       0x22 CMakeFiles/LED_IT.dir/Core/Src/main.c.obj
 .debug_macro   0x0000f4d4      0x15e CMakeFiles/LED_IT.dir/Core/Src/stm32f4xx_it.c.obj
 .debug_macro   0x0000f632      0x15f CMakeFiles/LED_IT.dir/User/Src/but_state.c.obj
 .debug_macro   0x0000f791      0x15f CMakeFiles/LED_IT.dir/User/Src/hw_init.c.obj

.debug_line     0x00000000     0x3488
 .debug_line    0x00000000      0x3bf cmake/stm32cubemx/CMakeFiles/STM32_Drivers.dir/__/__/Core/Src/system_stm32f4xx.c.obj
 .debug_line    0x000003bf      0x760 cmake/stm32cubemx/CMakeFiles/STM32_Drivers.dir/__/__/Drivers/STM32F4xx_HAL_Driver/Src/stm32f4xx_ll_gpio.c.obj
 .debug_line    0x00000b1f      0x890 cmake/stm32cubemx/CMakeFiles/STM32_Drivers.dir/__/__/Drivers/STM32F4xx_HAL_Driver/Src/stm32f4xx_ll_utils.c.obj
 .debug_line    0x000013af      0x51e cmake/stm32cubemx/CMakeFiles/STM32_Drivers.dir/__/__/Drivers/STM32F4xx_HAL_Driver/Src/stm32f4xx_ll_exti.c.obj
 .debug_line    0x000018cd      0x8a5 CMakeFiles/LED_IT.dir/Core/Src/main.c.obj
 .debug_line    0x00002172      0x5d5 CMakeFiles/LED_IT.dir/Core/Src/stm32f4xx_it.c.obj
 .debug_line    0x00002747       0x7a CMakeFiles/LED_IT.dir/startup_stm32f401xc.s.obj
 .debug_line    0x000027c1      0x5eb CMakeFiles/LED_IT.dir/User/Src/but_state.c.obj
 .debug_line    0x00002dac      0x6dc CMakeFiles/LED_IT.dir/User/Src/hw_init.c.obj

.debug_str      0x00000000    0x5afe2
 .debug_str     0x00000000    0x5afe2 cmake/stm32cubemx/CMakeFiles/STM32_Drivers.dir/__/__/Core/Src/system_stm32f4xx.c.obj
                              0x4fb7e (size before relaxing)
 .debug_str     0x0005afe2        0x0 cmake/stm32cubemx/CMakeFiles/STM32_Drivers.dir/__/__/Drivers/STM32F4xx_HAL_Driver/Src/stm32f4xx_ll_gpio.c.obj
                              0x5105d (size before relaxing)
 .debug_str     0x0005afe2        0x0 cmake/stm32cubemx/CMakeFiles/STM32_Drivers.dir/__/__/Drivers/STM32F4xx_HAL_Driver/Src/stm32f4xx_ll_utils.c.obj
                              0x56550 (size before relaxing)
 .debug_str     0x0005afe2        0x0 cmake/stm32cubemx/CMakeFiles/STM32_Drivers.dir/__/__/Drivers/STM32F4xx_HAL_Driver/Src/stm32f4xx_ll_exti.c.obj
                              0x50212 (size before relaxing)
 .debug_str     0x0005afe2        0x0 CMakeFiles/LED_IT.dir/Core/Src/main.c.obj
                              0x58d3d (size before relaxing)
 .debug_str     0x0005afe2        0x0 CMakeFiles/LED_IT.dir/Core/Src/stm32f4xx_it.c.obj
                              0x58524 (size before relaxing)
 .debug_str     0x0005afe2        0x0 CMakeFiles/LED_IT.dir/startup_stm32f401xc.s.obj
                                 0xb4 (size before relaxing)
 .debug_str     0x0005afe2        0x0 CMakeFiles/LED_IT.dir/User/Src/but_state.c.obj
                              0x58587 (size before relaxing)
 .debug_str     0x0005afe2        0x0 CMakeFiles/LED_IT.dir/User/Src/hw_init.c.obj
                              0x58c64 (size before relaxing)

.debug_frame    0x00000000      0xf00
 .debug_frame   0x00000000       0x58 cmake/stm32cubemx/CMakeFiles/STM32_Drivers.dir/__/__/Core/Src/system_stm32f4xx.c.obj
 .debug_frame   0x00000058      0x1c0 cmake/stm32cubemx/CMakeFiles/STM32_Drivers.dir/__/__/Drivers/STM32F4xx_HAL_Driver/Src/stm32f4xx_ll_gpio.c.obj
 .debug_frame   0x00000218      0x3f8 cmake/stm32cubemx/CMakeFiles/STM32_Drivers.dir/__/__/Drivers/STM32F4xx_HAL_Driver/Src/stm32f4xx_ll_utils.c.obj
 .debug_frame   0x00000610      0x1bc cmake/stm32cubemx/CMakeFiles/STM32_Drivers.dir/__/__/Drivers/STM32F4xx_HAL_Driver/Src/stm32f4xx_ll_exti.c.obj
 .debug_frame   0x000007cc      0x390 CMakeFiles/LED_IT.dir/Core/Src/main.c.obj
 .debug_frame   0x00000b5c      0x104 CMakeFiles/LED_IT.dir/Core/Src/stm32f4xx_it.c.obj
 .debug_frame   0x00000c60       0xc0 CMakeFiles/LED_IT.dir/User/Src/but_state.c.obj
 .debug_frame   0x00000d20      0x1b4 CMakeFiles/LED_IT.dir/User/Src/hw_init.c.obj
 .debug_frame   0x00000ed4       0x2c C:/Tools/arm-gnu-toolchain-15.2.rel1/bin/../lib/gcc/arm-none-eabi/15.2.1/../../../../arm-none-eabi/lib/thumb/v7e-m+fp/hard\libg_nano.a(libc_a-init.o)

.debug_line_str
                0x00000000       0x98
 .debug_line_str
                0x00000000       0x98 CMakeFiles/LED_IT.dir/startup_stm32f401xc.s.obj
